// Jest Snapshot v1, https://goo.gl/fbAQLP

exports[`should render EditNotePage correctly 1`] = `
<div
  className="relative grey-page"
>
  <div
    className="container-sml"
  >
    <button
      className="btn-link note-info__btn-delete"
      onClick={[Function]}
    >
      <span
        className="note-info__dot mobile-hide"
      >
        |
      </span>
      <span>
         Delete
      </span>
    </button>
    <Note
      content="Dear friend"
      date={0}
      handleEditView={[Function]}
      id="1"
      title="Letter"
    />
  </div>
</div>
`;
