// Jest Snapshot v1, https://goo.gl/fbAQLP

exports[`should render Header correctly 1`] = `
<header
  className="header"
>
  <div
    className="flex header__content-wrapper"
  >
    <NavLink
      activeClassName="active"
      ariaCurrent="true"
      className=""
      to="/"
    >
      <h1
        className="header__title"
      >
        milenote
      </h1>
    </NavLink>
    <section>
      <button
        className="header__logout-btn"
        onClick={[Function]}
      >
        Logout
      </button>
    </section>
  </div>
</header>
`;
