// Jest Snapshot v1, https://goo.gl/fbAQLP

exports[`should render Header correctly 1`] = `
<header
  className="header"
>
  <h1
    className="header__title"
  >
    milenote
  </h1>
  <button
    onClick={[Function]}
  >
    Logout
  </button>
  <nav
    className="row header__nav"
  >
    <NavLink
      activeClassName="header__link--active"
      ariaCurrent="true"
      className="col col-xs-4 header__link"
      to="/dashboard"
    >
      <span
        className="icon icon-list2"
      />
    </NavLink>
    <NavLink
      activeClassName="header__link--active"
      ariaCurrent="true"
      className="col col-xs-4 header__link"
      to="/add"
    >
      <span
        className="icon icon-file-text2"
      />
    </NavLink>
    <NavLink
      activeClassName="header__link--active"
      ariaCurrent="true"
      className="col col-xs-4 header__link"
      to="/info"
    >
      <span
        className="icon icon-info"
      />
    </NavLink>
  </nav>
</header>
`;
