// Jest Snapshot v1, https://goo.gl/fbAQLP

exports[`should render InfoPage correctly 1`] = `
<div
  className="info-page"
>
  <div
    className="flex"
  >
    <div
      className="col col-xs-2 text-center"
    >
      <span
        className="info-page__icon icon icon-list2"
      />
    </div>
    <div
      className="col col-xs-10"
    >
      <p
        className="info-page__description"
      >
        See your list of notes. Click on a note to see its full content
      </p>
    </div>
  </div>
  <div
    className="flex"
  >
    <div
      className="col col-xs-2 text-center"
    >
      <span
        className="info-page__icon icon icon-search"
      />
    </div>
    <div
      className="col col-xs-10"
    >
      <p
        className="info-page__description"
      >
        Search by whatever word you want
      </p>
      <p
        className="info-page__description"
      >
        Use the calendar to filter by dates
      </p>
    </div>
  </div>
  <div
    className="flex"
  >
    <div
      className="col col-xs-2 text-center"
    >
      <span
        className="info-page__icon icon icon-file-text2"
      />
    </div>
    <div
      className="col col-xs-10"
    >
      <p
        className="info-page__description"
      >
        Add a new note
      </p>
    </div>
  </div>
  <div
    className="flex"
  >
    <div
      className="col col-xs-2 text-center"
    >
      <span
        className="info-page__icon icon icon-bin"
      />
    </div>
    <div
      className="col col-xs-10"
    >
      <p
        className="info-page__description"
      >
        Remove a note
      </p>
    </div>
  </div>
  <div
    className="flex info-page__bug"
  >
    <div
      className="col col-xs-2 text-center"
    >
      <span
        className="info-page__icon icon icon-pacman"
      />
    </div>
    <div
      className="col col-xs-10"
    >
      <p
        className="info-page__description"
      >
        Found a bug? 
        <a
          className="info-page__link"
          href="https://github.com/milebza/milenote/issues"
          target="_blank"
        >
          Tell me
        </a>
      </p>
    </div>
  </div>
  <p
    className="info-page__credit text-center"
  >
    <small>
      © 2017 — 
      <a
        className="info-page__credit-link"
        href="https://milebza.github.io/"
        target="_blank"
      >
        Milena Baeza
      </a>
    </small>
  </p>
</div>
`;
