// Jest Snapshot v1, https://goo.gl/fbAQLP

exports[`should render NoteListItem correctly 1`] = `
<div
  className="row note-item"
>
  <Link
    className="col col-xs-11 note-item__content"
    replace={false}
    to="/edit/1"
  >
    <div>
      <h3
        className="note-item__title"
      >
        Letter
      </h3>
      <p
        className="note-item__p"
      >
        Dear friend
      </p>
      <small
        className="note-item__date"
      >
        Jan 1st 1970
      </small>
    </div>
  </Link>
  <div
    className="col col-xs-1"
  >
    <button
      className="btn-link note-item__btn-remove"
      onClick={[Function]}
    >
      <span
        className="icon icon-bin"
      />
    </button>
  </div>
</div>
`;
